// Jest Snapshot v1, https://goo.gl/fbAQLP

exports[`NetflixLabel Netflix label is correct 1`] = `
<span>
  netflixroulette
</span>
`;
