// Jest Snapshot v1, https://goo.gl/fbAQLP

exports[`FilmToolbar should correctly render component 1`] = `
<div
  className="row"
>
  <div
    className="col-sm-9"
  >
    Films by 
    <b>
      drama
    </b>
     genre
  </div>
</div>
`;
