// Jest Snapshot v1, https://goo.gl/fbAQLP

exports[`Footer Footer is rendered correctly 1`] = `
<div
  className="panel-footer"
>
  <NetflixLabel />
</div>
`;
